python : INFO:services.conversation_manager:Database schema initialized
At line:1 char:1
+ python test_github_endpoints.py > test_output.txt 2>&1
+ ~~~~~~~~~~~~~~~~~~~~~~~~~~~~~~~~~~~~~~~~~~~~~~~~~~~~~~
    + CategoryInfo          : NotSpecified: (INFO:services.c...ema initialized 
   :String) [], RemoteException
    + FullyQualifiedErrorId : NativeCommandError
 
INFO:services.conversation_manager:Initialized ConversationManager with 
database: C:\Users\krush\OneDrive\Desktop\ai_code_review\backend\vector_db\conv
ersations.db
INFO:services.conversation_manager:Database schema initialized
INFO:services.conversation_manager:Initialized ConversationManager with 
database: C:\Users\krush\OneDrive\Desktop\ai_code_review\backend\vector_db\conv
ersations.db
INFO:llm_agents.base_agent:Initialized Anthropic client with model: 
claude-3-5-sonnet-20241022
INFO:llm_agents.base_agent:Initialized Anthropic client with model: 
claude-3-5-sonnet-20241022
INFO:llm_agents.chat_engine:Initialized ChatEngine with dashboard integration
INFO:api.v2_routes:Successfully initialized all chat services
2026-03-10 13:59:06,022 - 6392eaf7-c300-433c-aad1-9ec09c2679eb - root - INFO - 
Logging configured: 
file=C:\Users\krush\OneDrive\Desktop\ai_code_review\backend\app.log, json=False
2026-03-10 13:59:06,028 - 743eca78-564d-4936-841e-a18a1018727e - app - INFO - 
Configured MAX_CONTENT_LENGTH: 21474836480 bytes
2026-03-10 13:59:06,029 - 9e64ccad-1294-422e-a40b-2b9558c72aba - app - INFO - 
Configured MAX_FORM_MEMORY_SIZE: 21474836480 bytes
2026-03-10 13:59:06,029 - 7db4ff3b-5b6a-4a2a-990c-20e59d414fa2 - app - INFO - 
Configured MAX_FORM_PARTS: 100000
2026-03-10 13:59:06,029 - d4b79a38-64cd-4006-b9eb-378aa12eb23b - 
utils.csrf_protection - INFO - CSRF middleware initialized
2026-03-10 13:59:06,030 - f6a72bfa-47d5-46ef-b6ae-619f3fc5a8ad - 
utils.csrf_protection - INFO - CSRF protection enabled for application
2026-03-10 13:59:06,031 - ce40f66d-6aaf-4220-8ee0-319acbbfa7e5 - root - INFO - 
Logging configured: 
file=C:\Users\krush\OneDrive\Desktop\ai_code_review\backend\app.log, json=False
2026-03-10 13:59:06,031 - 2ef87028-8e56-40e7-94e2-9d58cfca6479 - root - INFO - 
Flask logging configured
2026-03-10 13:59:06,047 - 1ed43d0a-cf68-49f2-bc8c-5b9af1187b9e - 
models.repository - INFO - Repositories table ready
2026-03-10 13:59:06,048 - 0b0822af-afb7-4c00-8a04-99b1875be4ed - app - INFO - 
Initialized repository tracking table
2026-03-10 13:59:06,048 - 4c0c5710-79e0-43ca-a938-f6a769cee6d8 - app - INFO - 
Using temporary storage at: C:\Users\krush\AppData\Local\Temp\ai_code_review
2026-03-10 13:59:06,049 - 91825534-c65e-436d-9677-fa4461bc74e9 - app - INFO - 
Upload folder: uploads
2026-03-10 13:59:06,049 - e1e45c74-8eb2-4b4b-8973-a0dfe09f35a9 - app - INFO - 
Processed folder: processed
2026-03-10 13:59:06,049 - 63d117cd-18ba-4cb9-8d29-5a41111f5a14 - app - INFO - 
Temp file retention: 24 hours
2026-03-10 13:59:06,050 - 8c00076b-ba4c-448f-a2ff-9788ecd3c830 - app - INFO - 
Starting cleanup of temp files older than 24 hours...
2026-03-10 13:59:06,050 - 3d7cc5e1-91d3-4121-9d59-fcbfe1669a9f - app - INFO - 
Cleanup complete: No old files to remove
2026-03-10 13:59:06,052 - 3a8e6de8-901d-4242-857e-3365610d887c - app - INFO - 
Authentication database initialized successfully
2026-03-10 13:59:06,071 - aac9dc3b-ab9a-4127-9eb4-160205e5531f - 
models.repository - INFO - Repositories table ready
2026-03-10 13:59:06,083 - 726e49b8-f2eb-4439-a27a-555efc555171 - flask.request 
- INFO - Request received
2026-03-10 13:59:06,083 - 726e49b8-f2eb-4439-a27a-555efc555171 - 
flask.response - INFO - Response sent

1. Testing Repository table creation...
   [OK] Repository table created successfully

2. Testing Flask app initialization...
   [OK] Flask app running

3. Testing GitHub endpoints exist...
   - /api/github/repo-info/<owner>/<repo>
   - /api/github/commits/<owner>/<repo>
   - /api/github/commit-status/<owner>/<repo>/<sha>
   - /api/github/stats/<owner>/<repo>
   - /api/github/user-repos
   - /api/github/track-repo

4. Testing GitHub service client...
   [FAIL] Failed to parse https://github.com/microsoft/vscode
